B
A1A3B3B1D4
Black wins!
A1A3B3B1D4
Thank you for playing!
