Invalid coordinate
Occupied coordinate
Invalid!
B
Invalid!
White wins!
A1B1
Thank you for playing!
