Wow, a tie!
A1B1A2B2A3B3A4B4C1D1C2D2C3D3C4D4E1F1E2F2E3F3E4F4G1H1G2H2G3H3G4H4I1J1I2J2I3J3I4J4K1L1K2L2K3L3K4L4M1N1M2N2M3N3M4N4O1P1O2P2O3P3O4P4Q1R1Q2R2Q3R3Q4R4S1A5S2A6S3A7S4A8B5C5B6C6B7C7B8C8D5E5D6E6D7E7D8E8F5G5F6G6F7G7F8G8H5I5H6I6H7I7H8I8J5K5J6K6J7K7J8K8L5M5L6M6L7M7L8M8N5O5N6O6N7O7N8O8P5Q5P6Q6P7Q7P8Q8R5S5R6S6R7S7R8S8A9B9A10B10A11B11A12B12C9D9C10D10C11D11C12D12E9F9E10F10E11F11E12F12G9H9G10H10G11H11G12H12I9J9I10J10I11J11I12J12K9L9K10L10K11L11K12L12M9N9M10N10M11N11M12N12O9P9O10P10O11P11O12P12Q9R9Q10R10Q11R11Q12R12S9A13S10A14S11A15S12A16B13C13B14C14B15C15B16C16D13E13D14E14D15E15D16E16F13G13F14G14F15G15F16G16H13I13H14I14H15I15H16I16J13K13J14K14J15K15J16K16L13M13L14M14L15M15L16M16N13O13N14O14N15O15N16O16P13Q13P14Q14P15Q15P16Q16R13S13R14S14R15S15R16S16A17B17A18B18A19B19C17D17C18D18C19D19E17F17E18F18E19F19G17H17G18H18G19H19I17J17I18J18I19J19K17L17K18L18K19L19M17N17M18N18M19N19O17P17O18P18O19P19Q17R17Q18R18Q19R19S17S18
Thank you for playing!
