Wow, a tie!
A1B1A2B2A3B3C1D1C2D2C3D3E1F1E2F2E3F3G1H1G2H2G3H3I1J1I2J2I3J3K1L1K2L2K3L3M1N1M2N2M3N3O1P1O2P2O3P3Q1R1Q2R2Q3R3S1A4S2A5S3A6B4C4B5C5B6C6D4E4D5E5D6E6F4G4F5G5F6G6H4I4H5I5H6I6J4K4J5K5J6K6L4M4L5M5L6M6N4O4N5O5N6O6P4Q4P5Q5P6Q6R4S4R5S5R6S6A7B7A8B8A9B9C7D7C8D8C9D9E7F7E8F8E9F9G7H7G8H8G9H9I7J7I8J8I9J9K7L7K8L8K9L9M7N7M8N8M9N9O7P7O8P8O9P9Q7R7Q8R8Q9R9S7A10S8A11S9A12B10C10B11C11B12C12D10E10D11E11D12E12F10G10F11G11F12G12H10I10H11I11H12I12J10K10J11K11J12K12L10M10L11M11L12M12N10O10N11O11N12O12P10Q10P11Q11P12Q12R10S10R11S11R12S12A13B13A14B14A15B15C13D13C14D14C15D15E13F13E14F14E15F15G13H13G14H14G15H15I13J13I14J14I15J15K13L13K14L14K15L15M13N13M14N14M15N15O13P13O14P14O15P15Q13R13Q14R14Q15R15S13A16S14A17S15A18B16C16B17C17B18C18D16E16D17E17D18E18F16G16F17G17F18G18H16I16H17I17H18I18J16K16J17K17J18K18L16M16L17M17L18M18N16O16N17O17N18O18P16Q16P17Q17P18Q18R16S16R17S17R18S18A19B19C19D19E19F19G19H19I19J19K19L19M19N19O19P19Q19R19S19
Thank you for playing!
