B
Invalid!
B
Invalid!
Invalid coordinate
Occupied coordinate
Invalid!
Invalid!
Invalid!
