Black wins!
C1D1C2D2C3D3C4D4C5
Thank you for playing!
